⚠ [711/1250] Replayed Loom.MonadAlgebras.WP.Attr
warning: Loom/MonadAlgebras/WP/Attr.lean:27:34: `Lean.Meta.DiscrTree.insertCore` has been deprecated: Use `Lean.Meta.DiscrTree.insertKeyValue` instead
warning: Loom/MonadAlgebras/WP/Attr.lean:26:77: `Lean.Meta.DiscrTree.insertCore` has been deprecated: Use `Lean.Meta.DiscrTree.insertKeyValue` instead
⚠ [747/1250] Replayed Smt.Reconstruct.BitVec.Bitblast
warning: Smt/Reconstruct/BitVec/Bitblast.lean:36:4: declaration uses `sorry`
⚠ [798/1250] Replayed Smt.Data.Sexp
warning: Smt/Data/Sexp.lean:89:10: `String.next` has been deprecated: Use `String.Pos.Raw.next` instead

Note: The updated constant is in a different namespace. Dot notation may need to be changed (e.g., from `x.next` to `Pos.Raw.next x`).
⚠ [1390/1418] Replayed Veil.Core.UI.Verifier.VerificationResults
warning: Veil/Core/UI/Verifier/VerificationResults.lean:31:2: A widget module with the same hash(JS source code) was already registered at ProofWidgets.RefreshComponent.
⚠ [1418/1418] Built Examples.UC.ReconfigCommitSMTActappendEntry (833s)
warning: Examples/UC/ReconfigCommitSMTActappendEntry.lean:920:0: unable to synthesize LocalRProp instance for Invariants: failed to synthesize
  LocalRProp ρ σ node term cfgid quorum χ (Invariants ρ σ node term cfgid quorum χ)
(deterministic) timeout at `typeclass`, maximum number of heartbeats (20000) has been reached

Note: Use `set_option synthInstance.maxHeartbeats <num>` to set the limit.

Hint: Additional diagnostic information may be available using the `set_option diagnostics true` command.

Hint: Additional diagnostic information may be available using the `set_option diagnostics true` command.
info: Examples/UC/ReconfigCommitSMTActappendEntry.lean:932:0: The following set of actions must preserve the invariant and successfully terminate:
  appendEntry
    doesNotThrow ... ✅
    election_safety ... ✅
    leader_completeness ... ✅
    grant_state ... ✅
    grant_uniq ... ✅
    self_vote ... ✅
    leader_quorum ... ✅
    commit_backed ... ✅
    commit_quorum_sound ... ✅
    commit_term_bound ... ✅
    holder_grants_are_covered ... ✅
    commit_leader_evidence ... ✅
    commit_leader_unique ... ✅
    commit_leader_only_after_commit ... ✅
    gotE_bounded ... ✅
    cfg_from_genesis ... ✅
    proposal_from_genesis ... ✅
    proposal_is_own_cfg ... ✅
    eleccfg_not_ahead ... ✅
    adopters_not_behind ... ✅
    role_exclusive ... ✅
    reqvote_term_reached ... ✅
    vote_term_reached ... ✅
    cand_cfg_frozen ... ✅
    reach_bound ... ✅
    reach_mono ... ✅
    reach_quorum_below ... ✅
    grant_reach_covered ... ✅
    eleccfg_covers_early_reach ... ✅
    adopted_reach_bound ... ✅
    committed_cfg_quorum ... ✅
    pending_iff_proposal ... ✅
    commitq_gotE ... ✅
    chain_committed_below ... ✅
    no_stale_election ... ✅
    commit_cfg_backed ... ✅
    elecq_witness ... ✅
    elecq_grant_covers_reach ... ✅
    cand_reach_strict ... ✅
    leader_reach_strict ... ✅
    voteterm_bounded ... ✅
    commit_leader_self_vote ... ✅
    commit_leader_no_foreign_grant ... ✅
    commit_leader_at_commit_cfg ... ✅
    role_below_quorum_strict ... ✅
    role_below_meets_quorum ... ✅
    commitq_witness ... ✅
    commitq_grant_covers_reach ... ✅
    commit_leader_frozen_reach ... ✅
warning: Examples/UC/ReconfigCommitSMTActappendEntry.lean:932:0: Trusting SMT solver for 48 goals. `set_option veil.smt.trust false` to enable proof reconstruction.
Build completed successfully (1418 jobs).
EXIT=0 WALL=835s
