⚠ [711/1210] Replayed Loom.MonadAlgebras.WP.Attr
warning: Loom/MonadAlgebras/WP/Attr.lean:27:34: `Lean.Meta.DiscrTree.insertCore` has been deprecated: Use `Lean.Meta.DiscrTree.insertKeyValue` instead
warning: Loom/MonadAlgebras/WP/Attr.lean:26:77: `Lean.Meta.DiscrTree.insertCore` has been deprecated: Use `Lean.Meta.DiscrTree.insertKeyValue` instead
⚠ [747/1210] Replayed Smt.Reconstruct.BitVec.Bitblast
warning: Smt/Reconstruct/BitVec/Bitblast.lean:36:4: declaration uses `sorry`
⚠ [798/1210] Replayed Smt.Data.Sexp
warning: Smt/Data/Sexp.lean:89:10: `String.next` has been deprecated: Use `String.Pos.Raw.next` instead

Note: The updated constant is in a different namespace. Dot notation may need to be changed (e.g., from `x.next` to `Pos.Raw.next x`).
⚠ [1390/1418] Replayed Veil.Core.UI.Verifier.VerificationResults
warning: Veil/Core/UI/Verifier/VerificationResults.lean:31:2: A widget module with the same hash(JS source code) was already registered at ProofWidgets.RefreshComponent.
⚠ [1418/1418] Built Examples.UC.PropG6 (59s)
info: Examples/UC/PropG6.lean:634:0: The following set of actions must preserve the invariant and successfully terminate:
  propose
    doesNotThrow ... ✅
    election_safety ... ✅
    leader_completeness ... ✅
    commit_backed ... ✅
    commit_quorum_sound ... ✅
    commit_term_bound ... ✅
    holder_grants_are_covered ... ✅
    commit_leader_evidence ... ✅
    commit_leader_unique ... ✅
    commit_leader_only_after_commit ... ✅
    gotE_bounded ... ✅
    commitq_gotE ... ✅
warning: Examples/UC/PropG6.lean:634:0: Trusting SMT solver for 11 goals. `set_option veil.smt.trust false` to enable proof reconstruction.
Build completed successfully (1418 jobs).
EXIT=0 WALL=61s
